// Jest Snapshot v1, https://goo.gl/fbAQLP

exports[`z-dialog.vue Has the expected html structure 1`] = `
<transition-stub
  name="z-dialog-transition"
>
  <div
    class="z-shape is-extension primary z-dialog is-circle"
  >
    <!---->
     
    <div
      class="z-outer-circle is-circle"
    />
     
    <svg
      class="z-slider"
      viewBox="0 0 100 100"
      xmlns="http://www.w3.org/2000/svg"
    >
      <circle
        cx="50"
        cy="50"
        r="51"
        style="transform-origin: 50% 50%; transform: rotate(-90deg); stroke-dasharray: 320.4424506661589; stroke-dashoffset: 304.42032813285095; stroke-width: 3;"
      />
    </svg>
     
    <!---->
     
    <div
      class="z-content maincontent is-circle"
    >
      <div>
        <p>
           lorem text 
        </p>
      </div>
    </div>
     
    <!---->
     
    <div />
  </div>
</transition-stub>
`;
