// Jest Snapshot v1, https://goo.gl/fbAQLP

exports[`z-spot.vue Has the expected html structure 1`] = `
<div
  class="z-shape is-extension z-spot is-circle primary z-no-zoom-cursor"
  role=""
  style="transform: translate3d(0px, 0px, 0px);"
>
  <div
    class="z-outer-spot is-circle"
  />
   
  <div
    class="z-pulse is-circle"
  />
   
  <!---->
   
  <svg
    class="z-slider"
    viewBox="0 0 100 100"
    xmlns="http://www.w3.org/2000/svg"
  >
    <circle
      cx="50"
      cy="50"
      r="51"
      style="transform-origin: 50% 50%; transform: rotate(-90deg); stroke-dasharray: 320.4424506661589; stroke-dashoffset: 64.08849013323174; stroke-width: 8;"
    />
  </svg>
   
  <div
    class="z-label is-circle bottom"
  >
    <div
      class="inside"
    >
      
      Test label prop 
      <!---->
    </div>
  </div>
   
  <div
    class="z-content is-circle"
  >
    <img
      alt="content custom image"
      src="./images/test.png"
      width="100%"
    />
     
    <!---->
  </div>
   
  <div
    class="z-content is-circle"
    style="z-index: 10;"
  >
    <span
      class="overflow"
    >
      <span>
        
      </span>
       
      <p>
         lorem text 
      </p>
    </span>
  </div>
   
  <div />
</div>
`;
